// Jest Snapshot v1, https://goo.gl/fbAQLP

exports[`InfiniteScroll Tests Renders Correctly 1`] = `<div />`;
