// Jest Snapshot v1, https://goo.gl/fbAQLP

exports[`OnAppInit Tests Renders Correctly 1`] = `null`;
