// Jest Snapshot v1, https://goo.gl/fbAQLP

exports[`ProductsList Tests Renders Correctly 1`] = `
<div
  className="ProductsList"
  id="ProductsList"
/>
`;
