// Jest Snapshot v1, https://goo.gl/fbAQLP

exports[`Status Tests Renders Correctly 1`] = `null`;
